This is XeTeX, Version 3.141592653-2.6-0.999998 (TeX Live 2026) (preloaded format=xelatex 2026.5.5)  11 JUN 2026 19:43
entering extended mode
 restricted \write18 enabled.
 %&-line parsing enabled.
**main.tex
(./main.tex
LaTeX2e <2025-11-01>
L3 programming layer <2026-03-20>
(./setup.tex (./vkr.cls
Document Class: vkr VKR class

(c:/Users/Admin/Documents/TexLive/texlive/2026/texmf-dist/tex/latex/fontspec/fo
ntspec.sty
(c:/Users/Admin/Documents/TexLive/texlive/2026/texmf-dist/tex/latex/l3packages/
xparse/xparse.sty
(c:/Users/Admin/Documents/TexLive/texlive/2026/texmf-dist/tex/latex/l3kernel/ex
pl3.sty
Package: expl3 2026-03-20 L3 programming layer (loader) 

(c:/Users/Admin/Documents/TexLive/texlive/2026/texmf-dist/tex/latex/l3backend/l
3backend-xetex.def
File: l3backend-xetex.def 2026-02-18 L3 backend support: XeTeX
\g__graphics_track_int=\count271
\g__pdfannot_backend_int=\count272
\g__pdfannot_backend_link_int=\count273
))
Package: xparse 2025-10-09 L3 Experimental document command parser
)
Package: fontspec 2025/09/29 v2.9g Font selection for XeLaTeX and LuaLaTeX

(c:/Users/Admin/Documents/TexLive/texlive/2026/texmf-dist/tex/latex/fontspec/fo
ntspec-xetex.sty
Package: fontspec-xetex 2025/09/29 v2.9g Font selection for XeLaTeX and LuaLaTe
X
\l__fontspec_script_int=\count274
\l__fontspec_language_int=\count275
\l__fontspec_strnum_int=\count276
\l__fontspec_tmp_int=\count277
\l__fontspec_tmpa_int=\count278
\l__fontspec_tmpb_int=\count279
\l__fontspec_tmpc_int=\count280
\l__fontspec_em_int=\count281
\l__fontspec_emdef_int=\count282
\l__fontspec_strong_int=\count283
\l__fontspec_strongdef_int=\count284
\l__fontspec_tmpa_dim=\dimen150
\l__fontspec_tmpb_dim=\dimen151
\l__fontspec_tmpc_dim=\dimen152

(c:/Users/Admin/Documents/TexLive/texlive/2026/texmf-dist/tex/latex/base/fonten
c.sty
Package: fontenc 2025/07/18 v2.1d Standard LaTeX package
)
(c:/Users/Admin/Documents/TexLive/texlive/2026/texmf-dist/tex/latex/fontspec/fo
ntspec.cfg)))

Package fontspec Info: 
(fontspec)             Font family 'TimesNewRoman(0)' created for font 'Times
(fontspec)             New Roman' with options [Ligatures=TeX].
(fontspec)              
(fontspec)              This font family consists of the following NFSS
(fontspec)             series/shapes:
(fontspec)              
(fontspec)             - 'normal' (m/n) with NFSS spec.: <->"Times New
(fontspec)             Roman/OT:script=latn;language=dflt;mapping=tex-text;"
(fontspec)             - 'small caps'  (m/sc) with NFSS spec.: <->"Times New
(fontspec)             Roman/OT:script=latn;language=dflt;+smcp;mapping=tex-tex
t;"
(fontspec)             - 'bold' (b/n) with NFSS spec.: <->"Times New
(fontspec)             Roman/B/OT:script=latn;language=dflt;mapping=tex-text;"
(fontspec)             - 'bold small caps'  (b/sc) with NFSS spec.: <->"Times
(fontspec)             New
(fontspec)             Roman/B/OT:script=latn;language=dflt;+smcp;mapping=tex-t
ext;"
(fontspec)             - 'italic' (m/it) with NFSS spec.: <->"Times New
(fontspec)             Roman/I/OT:script=latn;language=dflt;mapping=tex-text;"
(fontspec)             - 'italic small caps'  (m/scit) with NFSS spec.:
(fontspec)             <->"Times New
(fontspec)             Roman/I/OT:script=latn;language=dflt;+smcp;mapping=tex-t
ext;"
(fontspec)             - 'bold italic' (b/it) with NFSS spec.: <->"Times New
(fontspec)             Roman/BI/OT:script=latn;language=dflt;mapping=tex-text;"

(fontspec)             - 'bold italic small caps'  (b/scit) with NFSS spec.:
(fontspec)             <->"Times New
(fontspec)             Roman/BI/OT:script=latn;language=dflt;+smcp;mapping=tex-
text;"

\pagetop=\skip49
\pagebottom=\skip50
\pageleft=\skip51
\pageright=\skip52
\pwidth=\skip53
\pheight=\skip54
\saved@arstrutbox=\box53
\c@section=\count285
\c@subsection=\count286
\c@subsubsection=\count287
\c@paragraph=\count288
\c@figure=\count289
\c@figurecnt=\count290
\abovecaptionskip=\skip55
\belowcaptionskip=\skip56
\c@table=\count291
\c@tablecnt=\count292
\c@lastpage=\count293
\c@числоПлакатов=\count294
\c@bibcount=\count295
)
(c:/Users/Admin/Documents/TexLive/texlive/2026/texmf-dist/tex/generic/babel/bab
el.sty
Package: babel 2026/05/03 v26.7 The multilingual framework for LuaLaTeX, pdfLaT
eX and XeLaTeX
\babel@savecnt=\count296
LaTeX Encoding Info:    Redeclaring text command \ij (encoding OT1) on input li
ne 2080.
LaTeX Encoding Info:    Redeclaring text command \IJ (encoding OT1) on input li
ne 2082.
LaTeX Encoding Info:    Redeclaring text command \ij (encoding T1) on input lin
e 2084.
LaTeX Encoding Info:    Redeclaring text command \IJ (encoding T1) on input lin
e 2085.
LaTeX Encoding Info:    Ignoring declaration for text command \ij (encoding ?) 
on input line 2086.
LaTeX Encoding Info:    Ignoring declaration for text command \IJ (encoding ?) 
on input line 2088.
LaTeX Encoding Info:    Ignoring declaration for text command \SS (encoding ?) 
on input line 2113.
\U@D=\dimen153
\l@unhyphenated=\language91

(c:/Users/Admin/Documents/TexLive/texlive/2026/texmf-dist/tex/generic/babel/xeb
abel.def)
\bbl@readstream=\read2
\bbl@dirlevel=\count297

(c:/Users/Admin/Documents/TexLive/texlive/2026/texmf-dist/tex/generic/babel/loc
ale/en/babel-english.tex)
(c:/Users/Admin/Documents/TexLive/texlive/2026/texmf-dist/tex/generic/babel/loc
ale/ru/babel-russian.tex)
Package babel Info: Importing font and identification data for english
(babel)             from babel-en.ini. Reported on input line 4348.

(c:/Users/Admin/Documents/TexLive/texlive/2026/texmf-dist/tex/generic/babel-eng
lish/english.ldf
Language: english 2017/06/06 v3.3r English support from the babel system
Package babel Info: Hyphen rules for 'canadian' set to \l@english
(babel)             (\language0). Reported on input line 102.
Package babel Info: Hyphen rules for 'australian' set to \l@ukenglish
(babel)             (\language22). Reported on input line 105.
Package babel Info: Hyphen rules for 'newzealand' set to \l@ukenglish
(babel)             (\language22). Reported on input line 108.
)
Package babel Info: Importing font and identification data for russian
(babel)             from babel-ru.ini. Reported on input line 4348.

(c:/Users/Admin/Documents/TexLive/texlive/2026/texmf-dist/tex/generic/babel-rus
sian/russianb.ldf
File: russianb.ldf 2021/01/10 1.3m Russian support for the Babel system
Language: russian 2020/09/09 1.3k Russian support for the Babel system
Package babel Info: Making " an active character on input line 124.
Package babel Info: Default for \cyrdash is provided on input line 163.
)
(c:/Users/Admin/Documents/TexLive/texlive/2026/texmf-dist/tex/generic/babel/cyr
l2uni.def
File: cyrl2uni.def 2026/05/03 v0.3 Map to Unicode from Cyrillic LICR
))
(c:/Users/Admin/Documents/TexLive/texlive/2026/texmf-dist/tex/latex/graphics/gr
aphicx.sty
Package: graphicx 2024/12/31 v1.2e Enhanced LaTeX Graphics (DPC,SPQR)

(c:/Users/Admin/Documents/TexLive/texlive/2026/texmf-dist/tex/latex/graphics/ke
yval.sty
Package: keyval 2022/05/29 v1.15 key=value parser (DPC)
\KV@toks@=\toks17
)
(c:/Users/Admin/Documents/TexLive/texlive/2026/texmf-dist/tex/latex/graphics/gr
aphics.sty
Package: graphics 2024/08/06 v1.4g Standard LaTeX Graphics (DPC,SPQR)

(c:/Users/Admin/Documents/TexLive/texlive/2026/texmf-dist/tex/latex/graphics/tr
ig.sty
Package: trig 2023/12/02 v1.11 sin cos tan (DPC)
)
(c:/Users/Admin/Documents/TexLive/texlive/2026/texmf-dist/tex/latex/graphics-cf
g/graphics.cfg
File: graphics.cfg 2016/06/04 v1.11 sample graphics configuration
)
Package graphics Info: Driver file: xetex.def on input line 106.

(c:/Users/Admin/Documents/TexLive/texlive/2026/texmf-dist/tex/latex/graphics-de
f/xetex.def
File: xetex.def 2025/11/01 v5.0p Graphics/color driver for xetex
))
\Gin@req@height=\dimen154
\Gin@req@width=\dimen155
)
(c:/Users/Admin/Documents/TexLive/texlive/2026/texmf-dist/tex/latex/hyperref/hy
perref.sty
Package: hyperref 2026-04-24 v7.01q Hypertext links for LaTeX

(c:/Users/Admin/Documents/TexLive/texlive/2026/texmf-dist/tex/generic/iftex/ift
ex.sty
Package: iftex 2024/12/12 v1.0g TeX engine tests
)
(c:/Users/Admin/Documents/TexLive/texlive/2026/texmf-dist/tex/latex/kvsetkeys/k
vsetkeys.sty
Package: kvsetkeys 2022-10-05 v1.19 Key value parser (HO)
)
(c:/Users/Admin/Documents/TexLive/texlive/2026/texmf-dist/tex/generic/kvdefinek
eys/kvdefinekeys.sty
Package: kvdefinekeys 2019-12-19 v1.6 Define keys (HO)
)
(c:/Users/Admin/Documents/TexLive/texlive/2026/texmf-dist/tex/generic/pdfescape
/pdfescape.sty
Package: pdfescape 2019/12/09 v1.15 Implements pdfTeX's escape features (HO)

(c:/Users/Admin/Documents/TexLive/texlive/2026/texmf-dist/tex/generic/ltxcmds/l
txcmds.sty
Package: ltxcmds 2023-12-04 v1.26 LaTeX kernel commands for general use (HO)
)
(c:/Users/Admin/Documents/TexLive/texlive/2026/texmf-dist/tex/generic/pdftexcmd
s/pdftexcmds.sty
Package: pdftexcmds 2020-06-27 v0.33 Utility functions of pdfTeX for LuaTeX (HO
)

(c:/Users/Admin/Documents/TexLive/texlive/2026/texmf-dist/tex/generic/infwarerr
/infwarerr.sty
Package: infwarerr 2019/12/03 v1.5 Providing info/warning/error messages (HO)
)
Package pdftexcmds Info: \pdf@primitive is available.
Package pdftexcmds Info: \pdf@ifprimitive is available.
Package pdftexcmds Info: \pdfdraftmode not found.
))
(c:/Users/Admin/Documents/TexLive/texlive/2026/texmf-dist/tex/latex/hycolor/hyc
olor.sty
Package: hycolor 2020-01-27 v1.10 Color options for hyperref/bookmark (HO)
)
(c:/Users/Admin/Documents/TexLive/texlive/2026/texmf-dist/tex/latex/hyperref/na
meref.sty
Package: nameref 2026-01-29 v2.58 Cross-referencing by name of section

(c:/Users/Admin/Documents/TexLive/texlive/2026/texmf-dist/tex/latex/refcount/re
fcount.sty
Package: refcount 2019/12/15 v3.6 Data extraction from label references (HO)
)
(c:/Users/Admin/Documents/TexLive/texlive/2026/texmf-dist/tex/generic/gettitles
tring/gettitlestring.sty
Package: gettitlestring 2019/12/15 v1.6 Cleanup title references (HO)

(c:/Users/Admin/Documents/TexLive/texlive/2026/texmf-dist/tex/latex/kvoptions/k
voptions.sty
Package: kvoptions 2022-06-15 v3.15 Key value format for package options (HO)
))
\c@section@level=\count298
)
(c:/Users/Admin/Documents/TexLive/texlive/2026/texmf-dist/tex/latex/etoolbox/et
oolbox.sty
Package: etoolbox 2025/10/02 v2.5m e-TeX tools for LaTeX (JAW)
\etb@tempcnta=\count299
)
(c:/Users/Admin/Documents/TexLive/texlive/2026/texmf-dist/tex/generic/stringenc
/stringenc.sty
Package: stringenc 2019/11/29 v1.12 Convert strings between diff. encodings (HO
)
)
\@linkdim=\dimen156
\Hy@linkcounter=\count300
\Hy@pagecounter=\count301

(c:/Users/Admin/Documents/TexLive/texlive/2026/texmf-dist/tex/latex/hyperref/pd
1enc.def
File: pd1enc.def 2026-04-24 v7.01q Hyperref: PDFDocEncoding definition (HO)
)
(c:/Users/Admin/Documents/TexLive/texlive/2026/texmf-dist/tex/generic/intcalc/i
ntcalc.sty
Package: intcalc 2019/12/15 v1.3 Expandable calculations with integers (HO)
)
\Hy@SavedSpaceFactor=\count302

(c:/Users/Admin/Documents/TexLive/texlive/2026/texmf-dist/tex/latex/hyperref/pu
enc.def
File: puenc.def 2026-04-24 v7.01q Hyperref: PDF Unicode definition (HO)
)
Package hyperref Info: Option `unicode' set `true' on input line 3164.
Package hyperref Info: Hyper figures OFF on input line 4199.
Package hyperref Info: Link nesting OFF on input line 4204.
Package hyperref Info: Hyper index ON on input line 4207.
Package hyperref Info: Plain pages OFF on input line 4214.
Package hyperref Info: Backreferencing OFF on input line 4219.
Package hyperref Info: Implicit mode ON; LaTeX internals redefined.
Package hyperref Info: Bookmarks ON on input line 4466.
\c@Hy@tempcnt=\count303

(c:/Users/Admin/Documents/TexLive/texlive/2026/texmf-dist/tex/latex/url/url.sty
\Urlmuskip=\muskip17
Package: url 2013/09/16  ver 3.4  Verb mode for urls, etc.
)
LaTeX Info: Redefining \url on input line 4805.
\XeTeXLinkMargin=\dimen157

(c:/Users/Admin/Documents/TexLive/texlive/2026/texmf-dist/tex/generic/bitset/bi
tset.sty
Package: bitset 2019/12/09 v1.3 Handle bit-vector datatype (HO)

(c:/Users/Admin/Documents/TexLive/texlive/2026/texmf-dist/tex/generic/bigintcal
c/bigintcalc.sty
Package: bigintcalc 2019/12/15 v1.5 Expandable calculations on big integers (HO
)
))
\Fld@menulength=\count304
\Field@Width=\dimen158
\Fld@charsize=\dimen159
Package hyperref Info: Hyper figures OFF on input line 6091.
Package hyperref Info: Link nesting OFF on input line 6096.
Package hyperref Info: Hyper index ON on input line 6099.
Package hyperref Info: backreferencing OFF on input line 6106.
Package hyperref Info: Link coloring OFF on input line 6111.
Package hyperref Info: Link coloring with OCG OFF on input line 6116.
Package hyperref Info: PDF/A mode OFF on input line 6121.
\Hy@abspage=\count305
\c@Item=\count306
\c@Hfootnote=\count307
)
Package hyperref Info: Driver (autodetected): hxetex.

(c:/Users/Admin/Documents/TexLive/texlive/2026/texmf-dist/tex/latex/hyperref/hx
etex.def
File: hxetex.def 2026-04-24 v7.01q Hyperref driver for XeTeX
\pdfm@box=\box54
\c@Hy@AnnotLevel=\count308
\HyField@AnnotCount=\count309
\Fld@listcount=\count310
\c@bookmark@seq@number=\count311

(c:/Users/Admin/Documents/TexLive/texlive/2026/texmf-dist/tex/latex/rerunfilech
eck/rerunfilecheck.sty
Package: rerunfilecheck 2025-06-21 v1.11 Rerun checks for auxiliary files (HO)

(c:/Users/Admin/Documents/TexLive/texlive/2026/texmf-dist/tex/generic/uniquecou
nter/uniquecounter.sty
Package: uniquecounter 2019/12/15 v1.4 Provide unlimited unique counter (HO)
)
Package uniquecounter Info: New unique counter `rerunfilecheck' on input line 2
84.
)
\Hy@SectionHShift=\skip57
)
(c:/Users/Admin/Documents/TexLive/texlive/2026/texmf-dist/tex/latex/float/float
.sty
Package: float 2001/11/08 v1.3d Float enhancements (AL)
\c@float@type=\count312
\float@exts=\toks18
\float@box=\box55
\@float@everytoks=\toks19
\@floatcapt=\box56
)
(c:/Users/Admin/Documents/TexLive/texlive/2026/texmf-dist/tex/latex/pdflscape/p
dflscape.sty
Package: pdflscape 2025-06-23 v0.14 Display of landscape pages in PDF

(c:/Users/Admin/Documents/TexLive/texlive/2026/texmf-dist/tex/latex/pdflscape/p
dflscape-nometadata.sty
Package: pdflscape-nometadata 2025-06-23 v0.14 Display of landscape pages in PD
F (HO)

(c:/Users/Admin/Documents/TexLive/texlive/2026/texmf-dist/tex/latex/graphics/ls
cape.sty
Package: lscape 2020/05/28 v3.02 Landscape Pages (DPC)
)
Package pdflscape Info: Auto-detected driver: dvipdfm (xetex) on input line 98.

)) (./xltabular.sty
Package: xltabular 2020/11/04 v0.2e `xltabular' package (hv,RN)

(c:/Users/Admin/Documents/TexLive/texlive/2026/texmf-dist/tex/latex/tools/tabul
arx.sty
Package: tabularx 2023/12/11 v2.12a `tabularx' package (DPC)

(c:/Users/Admin/Documents/TexLive/texlive/2026/texmf-dist/tex/latex/tools/array
.sty
Package: array 2025/09/25 v2.6n Tabular extension package (FMi)
\col@sep=\dimen160
\ar@mcellbox=\box57
\extrarowheight=\dimen161
\NC@list=\toks20
\extratabsurround=\skip58
\backup@length=\skip59
\ar@cellbox=\box58
)
\TX@col@width=\dimen162
\TX@old@table=\dimen163
\TX@old@col=\dimen164
\TX@target=\dimen165
\TX@delta=\dimen166
\TX@cols=\count313
\TX@ftn=\toks21
)
(c:/Users/Admin/Documents/TexLive/texlive/2026/texmf-dist/tex/latex/ltablex/lta
blex.sty
Package: ltablex 2014/08/13 v1.1 Modified tabularx

(c:/Users/Admin/Documents/TexLive/texlive/2026/texmf-dist/tex/latex/tools/longt
able.sty
Package: longtable 2025-10-13 v4.24 Multi-page Table package (DPC)
\LTleft=\skip60
\LTright=\skip61
\LTpre=\skip62
\LTpost=\skip63
\LTchunksize=\count314
\LTcapwidth=\dimen167
\LT@head=\box59
\LT@firsthead=\box60
\LT@foot=\box61
\LT@lastfoot=\box62
\LT@gbox=\box63
\LT@cols=\count315
\LT@rows=\count316
\c@LT@tables=\count317
\c@LT@chunks=\count318
\LT@p@ftn=\toks22
)))
(c:/Users/Admin/Documents/TexLive/texlive/2026/texmf-dist/tex/latex/makecell/ma
kecell.sty
Package: makecell 2009/08/03 V0.1e Managing of Tab Column Heads and Cells
\rotheadsize=\dimen168
\c@nlinenum=\count319
\TeXr@lab=\toks23
)
(c:/Users/Admin/Documents/TexLive/texlive/2026/texmf-dist/tex/latex/setspace/se
tspace.sty
Package: setspace 2022/12/04 v6.7b set line spacing
)
(c:/Users/Admin/Documents/TexLive/texlive/2026/texmf-dist/tex/latex/comment/com
ment.sty
\CommentStream=\write3
 Excluding comment 'comment')

Package array Warning: Redefining primitive column r on input line 18.


(c:/Users/Admin/Documents/TexLive/texlive/2026/texmf-dist/tex/latex/caption/cap
tion.sty
Package: caption 2023/08/05 v3.6o Customizing captions (AR)

(c:/Users/Admin/Documents/TexLive/texlive/2026/texmf-dist/tex/latex/caption/cap
tion3.sty
Package: caption3 2023/07/31 v2.4d caption3 kernel (AR)
\caption@tempdima=\dimen169
\captionmargin=\dimen170
\caption@leftmargin=\dimen171
\caption@rightmargin=\dimen172
\caption@width=\dimen173
\caption@indent=\dimen174
\caption@parindent=\dimen175
\caption@hangindent=\dimen176
Package caption Info: Unknown document class (or package),
(caption)             standard defaults will be used.
Package caption Info: \@makecaption = \long macro:#1#2->\vskip \abovecaptionski
p \sbox \@tempboxa {#1 -- #2}\ifdim \wd \@tempboxa >\hsize #1 -- #2\par \else \
global \@minipagefalse \if \instring {Таб}{#1} \hb@xt@ \hsize {\box \@tempboxa 
\hfil }\else \hb@xt@ \hsize {\hfil \box \@tempboxa \hfil }\fi \fi \vskip \below
captionskip  on input line 1175.
)

Package caption Warning: Unknown document class (or package),
(caption)                standard defaults will be used.
See the caption package documentation for explanation.

\c@caption@flags=\count320
\c@continuedfloat=\count321
Package caption Info: float package is loaded.
Package caption Info: hyperref package is loaded.
Package caption Info: longtable package is loaded.

(c:/Users/Admin/Documents/TexLive/texlive/2026/texmf-dist/tex/latex/caption/ltc
aption.sty
Package: ltcaption 2021/01/08 v1.4c longtable captions (AR)
))
(c:/Users/Admin/Documents/TexLive/texlive/2026/texmf-dist/tex/latex/enumitem/en
umitem.sty
Package: enumitem 2025/02/06 v3.11 Customized lists
\labelindent=\skip64
\enit@outerparindent=\dimen177
\enit@toks=\toks24
\enit@inbox=\box64
\enit@count@id=\count322
\enitdp@description=\count323
)
(c:/Users/Admin/Documents/TexLive/texlive/2026/texmf-dist/tex/latex/graphics/co
lor.sty
Package: color 2025/01/14 v1.3e Standard LaTeX Color (DPC)

(c:/Users/Admin/Documents/TexLive/texlive/2026/texmf-dist/tex/latex/graphics-cf
g/color.cfg
File: color.cfg 2016/01/02 v1.6 sample color configuration
)
Package color Info: Driver file: xetex.def on input line 149.

(c:/Users/Admin/Documents/TexLive/texlive/2026/texmf-dist/tex/latex/graphics/ma
thcolor.ltx))
(c:/Users/Admin/Documents/TexLive/texlive/2026/texmf-dist/tex/latex/listings/li
stings.sty
\lst@mode=\count324
\lst@gtempboxa=\box65
\lst@token=\toks25
\lst@length=\count325
\lst@currlwidth=\dimen178
\lst@column=\count326
\lst@pos=\count327
\lst@lostspace=\dimen179
\lst@width=\dimen180
\lst@newlines=\count328
\lst@lineno=\count329
\lst@maxwidth=\dimen181

(c:/Users/Admin/Documents/TexLive/texlive/2026/texmf-dist/tex/latex/listings/ls
tpatch.sty
File: lstpatch.sty 2025/11/14 1.11b (Carsten Heinz)
)
(c:/Users/Admin/Documents/TexLive/texlive/2026/texmf-dist/tex/latex/listings/ls
tmisc.sty
File: lstmisc.sty 2025/11/14 1.11b (Carsten Heinz)
\c@lstnumber=\count330
\lst@skipnumbers=\count331
\lst@framebox=\box66
)
(c:/Users/Admin/Documents/TexLive/texlive/2026/texmf-dist/tex/latex/listings/li
stings.cfg
File: listings.cfg 2025/11/14 1.11b listings configuration
))
Package: listings 2025/11/14 1.11b (Carsten Heinz)

==> First Aid for listings.sty no longer applied!
    Expected:
        2024/09/23 1.10c (Carsten Heinz)
    but found:
        2025/11/14 1.11b (Carsten Heinz)
    so I'm assuming it got fixed.

Package fontspec Info: 
(fontspec)             Verdana scale = 0.7.


Package fontspec Info: 
(fontspec)             Verdana scale = 0.7.


Package fontspec Info: 
(fontspec)             Verdana scale = 0.7.


Package fontspec Info: 
(fontspec)             Verdana/B scale = 0.7.


Package fontspec Info: 
(fontspec)             Verdana/B scale = 0.7.


Package fontspec Info: 
(fontspec)             Verdana/I scale = 0.7.


Package fontspec Info: 
(fontspec)             Verdana/I scale = 0.7.


Package fontspec Info: 
(fontspec)             Verdana/BI scale = 0.7.


Package fontspec Info: 
(fontspec)             Verdana/BI scale = 0.7.


Package fontspec Info: 
(fontspec)             Font family 'Verdana(0)' created for font 'Verdana'
(fontspec)             with options
(fontspec)             [WordSpace={1,0,0},HyphenChar=None,PunctuationSpace=Word
Space,Scale=0.7].
(fontspec)              
(fontspec)              This font family consists of the following NFSS
(fontspec)             series/shapes:
(fontspec)              
(fontspec)             - 'normal' (m/n) with NFSS spec.:
(fontspec)             <->s*[0.7]"Verdana/OT:script=latn;language=dflt;"
(fontspec)             - 'small caps'  (m/sc) with NFSS spec.:
(fontspec)             <->s*[0.7]"Verdana/OT:script=latn;language=dflt;+smcp;"
(fontspec)             and font adjustment code:
(fontspec)             \fontdimen 2\font =1\fontdimen 2\font \fontdimen 3\font
(fontspec)             =0\fontdimen 3\font \fontdimen 4\font =0\fontdimen
(fontspec)             4\font \fontdimen 7\font =0\fontdimen 2\font
(fontspec)             \tex_hyphenchar:D \font =-1\scan_stop: 
(fontspec)             - 'bold' (b/n) with NFSS spec.:
(fontspec)             <->s*[0.7]"Verdana/B/OT:script=latn;language=dflt;"
(fontspec)             - 'bold small caps'  (b/sc) with NFSS spec.:
(fontspec)             <->s*[0.7]"Verdana/B/OT:script=latn;language=dflt;+smcp;
"
(fontspec)             and font adjustment code:
(fontspec)             \fontdimen 2\font =1\fontdimen 2\font \fontdimen 3\font
(fontspec)             =0\fontdimen 3\font \fontdimen 4\font =0\fontdimen
(fontspec)             4\font \fontdimen 7\font =0\fontdimen 2\font
(fontspec)             \tex_hyphenchar:D \font =-1\scan_stop: 
(fontspec)             - 'italic' (m/it) with NFSS spec.:
(fontspec)             <->s*[0.7]"Verdana/I/OT:script=latn;language=dflt;"
(fontspec)             - 'italic small caps'  (m/scit) with NFSS spec.:
(fontspec)             <->s*[0.7]"Verdana/I/OT:script=latn;language=dflt;+smcp;
"
(fontspec)             and font adjustment code:
(fontspec)             \fontdimen 2\font =1\fontdimen 2\font \fontdimen 3\font
(fontspec)             =0\fontdimen 3\font \fontdimen 4\font =0\fontdimen
(fontspec)             4\font \fontdimen 7\font =0\fontdimen 2\font
(fontspec)             \tex_hyphenchar:D \font =-1\scan_stop: 
(fontspec)             - 'bold italic' (b/it) with NFSS spec.:
(fontspec)             <->s*[0.7]"Verdana/BI/OT:script=latn;language=dflt;"
(fontspec)             - 'bold italic small caps'  (b/scit) with NFSS spec.:
(fontspec)             <->s*[0.7]"Verdana/BI/OT:script=latn;language=dflt;+smcp
;"
(fontspec)             and font adjustment code:
(fontspec)             \fontdimen 2\font =1\fontdimen 2\font \fontdimen 3\font
(fontspec)             =0\fontdimen 3\font \fontdimen 4\font =0\fontdimen
(fontspec)             4\font \fontdimen 7\font =0\fontdimen 2\font
(fontspec)             \tex_hyphenchar:D \font =-1\scan_stop: 


(c:/Users/Admin/Documents/TexLive/texlive/2026/texmf-dist/tex/latex/listings/ls
tlang1.sty
File: lstlang1.sty 2025/11/14 1.11b listings language file
)
(c:/Users/Admin/Documents/TexLive/texlive/2026/texmf-dist/tex/latex/listings/ls
tlang2.sty
File: lstlang2.sty 2025/11/14 1.11b listings language file
)) (./main.aux
Package babel Info: 'russian' activates 'russian' shorthands.
(babel)             Reported on input line 8.
)
\openout1 = `main.aux'.

LaTeX Font Info:    Checking defaults for OML/cmm/m/it on input line 31.
LaTeX Font Info:    ... okay on input line 31.
LaTeX Font Info:    Checking defaults for OMS/cmsy/m/n on input line 31.
LaTeX Font Info:    ... okay on input line 31.
LaTeX Font Info:    Checking defaults for OT1/cmr/m/n on input line 31.
LaTeX Font Info:    ... okay on input line 31.
LaTeX Font Info:    Checking defaults for T1/cmr/m/n on input line 31.
LaTeX Font Info:    ... okay on input line 31.
LaTeX Font Info:    Checking defaults for TS1/cmr/m/n on input line 31.
LaTeX Font Info:    ... okay on input line 31.
LaTeX Font Info:    Checking defaults for TU/lmr/m/n on input line 31.
LaTeX Font Info:    ... okay on input line 31.
LaTeX Font Info:    Checking defaults for OMX/cmex/m/n on input line 31.
LaTeX Font Info:    ... okay on input line 31.
LaTeX Font Info:    Checking defaults for U/cmr/m/n on input line 31.
LaTeX Font Info:    ... okay on input line 31.
LaTeX Font Info:    Checking defaults for PD1/pdf/m/n on input line 31.
LaTeX Font Info:    ... okay on input line 31.
LaTeX Font Info:    Checking defaults for PU/pdf/m/n on input line 31.
LaTeX Font Info:    ... okay on input line 31.

Package fontspec Info: 
(fontspec)             Adjusting the maths setup (use [no-math] to avoid
(fontspec)             this).

\symlegacymaths=\mathgroup4
LaTeX Font Info:    Overwriting symbol font `legacymaths' in version `bold'
(Font)                  OT1/cmr/m/n --> OT1/cmr/bx/n on input line 31.
LaTeX Font Info:    Redeclaring math accent \acute on input line 31.
LaTeX Font Info:    Redeclaring math accent \grave on input line 31.
LaTeX Font Info:    Redeclaring math accent \ddot on input line 31.
LaTeX Font Info:    Redeclaring math accent \tilde on input line 31.
LaTeX Font Info:    Redeclaring math accent \bar on input line 31.
LaTeX Font Info:    Redeclaring math accent \breve on input line 31.
LaTeX Font Info:    Redeclaring math accent \check on input line 31.
LaTeX Font Info:    Redeclaring math accent \hat on input line 31.
LaTeX Font Info:    Redeclaring math accent \dot on input line 31.
LaTeX Font Info:    Redeclaring math accent \mathring on input line 31.
LaTeX Font Info:    Redeclaring math symbol \colon on input line 31.
LaTeX Font Info:    Redeclaring math symbol \Gamma on input line 31.
LaTeX Font Info:    Redeclaring math symbol \Delta on input line 31.
LaTeX Font Info:    Redeclaring math symbol \Theta on input line 31.
LaTeX Font Info:    Redeclaring math symbol \Lambda on input line 31.
LaTeX Font Info:    Redeclaring math symbol \Xi on input line 31.
LaTeX Font Info:    Redeclaring math symbol \Pi on input line 31.
LaTeX Font Info:    Redeclaring math symbol \Sigma on input line 31.
LaTeX Font Info:    Redeclaring math symbol \Upsilon on input line 31.
LaTeX Font Info:    Redeclaring math symbol \Phi on input line 31.
LaTeX Font Info:    Redeclaring math symbol \Psi on input line 31.
LaTeX Font Info:    Redeclaring math symbol \Omega on input line 31.
LaTeX Font Info:    Redeclaring math symbol \mathdollar on input line 31.
LaTeX Font Info:    Redeclaring symbol font `operators' on input line 31.
LaTeX Font Info:    Encoding `OT1' has changed to `TU' for symbol font
(Font)              `operators' in the math version `normal' on input line 31.
LaTeX Font Info:    Overwriting symbol font `operators' in version `normal'
(Font)                  OT1/cmr/m/n --> TU/TimesNewRoman(0)/m/n on input line 3
1.
LaTeX Font Info:    Encoding `OT1' has changed to `TU' for symbol font
(Font)              `operators' in the math version `bold' on input line 31.
LaTeX Font Info:    Overwriting symbol font `operators' in version `bold'
(Font)                  OT1/cmr/bx/n --> TU/TimesNewRoman(0)/m/n on input line 
31.
LaTeX Font Info:    Overwriting symbol font `operators' in version `normal'
(Font)                  TU/TimesNewRoman(0)/m/n --> TU/TimesNewRoman(0)/m/n on 
input line 31.
LaTeX Font Info:    Overwriting math alphabet `\mathit' in version `normal'
(Font)                  OT1/cmr/m/it --> TU/TimesNewRoman(0)/m/it on input line
 31.
LaTeX Font Info:    Overwriting math alphabet `\mathbf' in version `normal'
(Font)                  OT1/cmr/bx/n --> TU/TimesNewRoman(0)/b/n on input line 
31.
LaTeX Font Info:    Overwriting math alphabet `\mathsf' in version `normal'
(Font)                  OT1/cmss/m/n --> TU/lmss/m/n on input line 31.
LaTeX Font Info:    Overwriting math alphabet `\mathtt' in version `normal'
(Font)                  OT1/cmtt/m/n --> TU/Verdana(0)/m/n on input line 31.
LaTeX Font Info:    Overwriting symbol font `operators' in version `bold'
(Font)                  TU/TimesNewRoman(0)/m/n --> TU/TimesNewRoman(0)/b/n on 
input line 31.
LaTeX Font Info:    Overwriting math alphabet `\mathit' in version `bold'
(Font)                  OT1/cmr/bx/it --> TU/TimesNewRoman(0)/b/it on input lin
e 31.
LaTeX Font Info:    Overwriting math alphabet `\mathsf' in version `bold'
(Font)                  OT1/cmss/bx/n --> TU/lmss/b/n on input line 31.
LaTeX Font Info:    Overwriting math alphabet `\mathtt' in version `bold'
(Font)                  OT1/cmtt/m/n --> TU/Verdana(0)/b/n on input line 31.
LaTeX Info: Redefining \th on input line 31.
Package hyperref Info: Link coloring OFF on input line 31.
 (./main.out) (./main.out)
\@outlinefile=\write4
\openout4 = `main.out'.

Package caption Info: Begin \AtBeginDocument code.
Package caption Info: listings package is loaded.
Package caption Info: End \AtBeginDocument code.
\c@lstlisting=\count332
LaTeX Font Info:    External font `cmex10' loaded for size
(Font)              <14.4> on input line 33.
LaTeX Font Info:    External font `cmex10' loaded for size
(Font)              <7> on input line 33.

Overfull \hbox (4.70218pt too wide) in paragraph at lines 33--33
[] 
 []


Overfull \hbox (4.70218pt too wide) in paragraph at lines 33--33
[]
 []


Underfull \hbox (badness 10000) in paragraph at lines 33--33

 []

[1] (./ЛистЗадания.tex
! Misplaced \noalign.
\setarstrut #1->\noalign 
                         {\begingroup \renewcommand {\baselinestretch }{1} \...
l.15 ^^I^^I^^I^^I\setarstrut{\footnotesize}
                                           
I expect to see \noalign only after the \cr of
an alignment. Proceed, and I'll ignore this case.

! Misplaced \noalign.
\restorearstrut ->\noalign 
                           {\renewcommand {\baselinestretch }{\interval } \g...
l.17 ^^I^^I^^I^^I\restorearstrut
                                
I expect to see \noalign only after the \cr of
an alignment. Proceed, and I'll ignore this case.

LaTeX Font Info:    External font `cmex10' loaded for size
(Font)              <5> on input line 18.

Underfull \hbox (badness 10000) in paragraph at lines 54--55
[]\TU/TimesNewRoman(0)/m/n/14.4 разработать концептуальную модель мобильного пр
иложения
 []


Underfull \hbox (badness 10000) in paragraph at lines 55--56
[]\TU/TimesNewRoman(0)/m/n/14.4 спроектировать архитектуру приложения (Single A
ctivity +
 []

[2] (./main.lop)
\tf@lop=\write5
\openout5 = `main.lop'.

 [3]
Overfull \hbox (4.70218pt too wide) in paragraph at lines 93--104
[][]
 []


Underfull \hbox (badness 10000) in paragraph at lines 93--104

 []

[4]) (./Реферат.tex
\c=\count333
\last=\count334
\pnul=\count335
\c=\count336
\last=\count337
\pnul=\count338
\c=\count339
\last=\count340
\pnul=\count341
\c=\count342
\last=\count343
\pnul=\count344

Underfull \hbox (badness 4621) in paragraph at lines 10--14
[]\TU/TimesNewRoman(0)/b/n/14.4 Ключевые слова: \TU/TimesNewRoman(0)/m/n/14.4 м
обильное приложение; йога-студия; Android;
 []

) [5] (./main.toc [6] [7])
\tf@toc=\write6
\openout6 = `main.toc'.

 (./main.lpc)
\tf@lpc=\write7
\openout7 = `main.lpc'.

 (./Обозначения.tex
Underfull \hbox (badness 1715) in paragraph at lines 1--1
\TU/TimesNewRoman(0)/m/n/14.4 Диаграмма прецедентов (Графический материал / Диа
грамма прецеден-
 []


Underfull \hbox (badness 10000) in paragraph at lines 1--1

 []

[8] [9]
Underfull \hbox (badness 1097) in paragraph at lines 43--44
[]\TU/TimesNewRoman(0)/b/n/14.4 ViewPager2 \TU/TimesNewRoman(0)/m/n/14.4 – комп
онент Android для создания прокручиваемых
 []

) (./Введение.tex [10]
Underfull \hbox (badness 10000) in paragraph at lines 14--15
[]\TU/TimesNewRoman(0)/b/n/14.4 Целью данной работы \TU/TimesNewRoman(0)/m/n/14
.4 является разработка программно-
 []

[11]) (./Анализ.tex [12]
Underfull \hbox (badness 10000) in paragraph at lines 9--9
[]\TU/TimesNewRoman(0)/b/n/14.4 1.2 Проблематика традиционного подхода к управл
ению
 []

[13]
Underfull \hbox (badness 2351) in paragraph at lines 27--28
[]\TU/TimesNewRoman(0)/m/n/14.4 Пользователь является центральной сущностью сис
темы. Каждый
 []

[14]
Underfull \hbox (badness 2635) in paragraph at lines 31--32
[]\TU/TimesNewRoman(0)/m/n/14.4 Занятие представляет собой основную единицу, пр
едоставляемую
 []

[15]
Underfull \hbox (badness 3568) in paragraph at lines 63--64
[]|\TU/TimesNewRoman(0)/m/n/14.4 Наше реше-
 []


Underfull \hbox (badness 10000) in paragraph at lines 67--67
[]|\TU/TimesNewRoman(0)/m/n/14.4 Мобильное прило-
 []


Underfull \hbox (badness 10000) in paragraph at lines 71--71
[]|\TU/TimesNewRoman(0)/m/n/14.4 Профиль пользова-
 []


Underfull \hbox (badness 10000) in paragraph at lines 73--73
[]|\TU/TimesNewRoman(0)/m/n/14.4 Отслеживание про-
 []


Overfull \hbox (8.33942pt too wide) in paragraph at lines 61--82
 [][] 
 []

[16] [17] [18] [19]) (./ТехЗадание.tex [20]
Underfull \hbox (badness 1466) in paragraph at lines 38--39
[]|\TU/TimesNewRoman(0)/m/n/14.4 Просмотр расписания с календарём на вы-
 []


Underfull \hbox (badness 1609) in paragraph at lines 40--41
[]|\TU/TimesNewRoman(0)/m/n/14.4 Редактирование профиля пользователя (ава-
 []

[21]
Underfull \hbox (badness 7685) in paragraph at lines 83--83
[]|\TU/TimesNewRoman(0)/m/n/14.4 Удобство использо-
 []

[22]
File: images/use-case.png Graphic file (type bmp)
<images/use-case.png>
 [23] [24] [25] [26] [27]
Underfull \hbox (badness 10000) in paragraph at lines 254--254
[]\TU/TimesNewRoman(0)/b/n/14.4 2.6.8 Вариант использования «Просмотр расписани
я с
 []

[28]
Underfull \hbox (badness 8019) in paragraph at lines 299--299
[]\TU/TimesNewRoman(0)/b/n/14.4 2.6.11 Вариант использования «Просмотр прогресс
а в виде
 []

[29]
Underfull \hbox (badness 10000) in paragraph at lines 332--332
[]\TU/TimesNewRoman(0)/b/n/14.4 2.6.13 Вариант использования «Просмотр списка а
ктивных
 []

[30]
Underfull \hbox (badness 2828) in paragraph at lines 356--357
[]\TU/TimesNewRoman(0)/m/n/14.4 Система должна корректно функционировать на уст
ройствах под
 []

) (./ТехПроект.tex [31]
Underfull \hbox (badness 10000) in paragraph at lines 5--6
[]\TU/TimesNewRoman(0)/m/n/14.4 Разрабатываемая система представляет собой прог
раммно-
 []

File: images/architecture.png Graphic file (type bmp)
<images/architecture.png>
[32]
Underfull \hbox (badness 3364) in paragraph at lines 32--33
[]\TU/TimesNewRoman(0)/m/n/14.4 SharedPreferences поддерживает следующие типы д
анных: строки
 []

[33]
Underfull \hbox (badness 1009) in paragraph at lines 44--45
\TU/TimesNewRoman(0)/m/n/14.4 ScheduleFragment обеспечивает отображение расписа
ния с календарём и
 []


Underfull \hbox (badness 2205) in paragraph at lines 46--47
[]\TU/TimesNewRoman(0)/m/n/14.4 Отдельные Activity используются для списка запи
сей пользовате-
 []


Underfull \hbox (badness 4454) in paragraph at lines 46--47
\TU/TimesNewRoman(0)/m/n/14.4 ля (MyBookingsActivity), экрана отзыва с рейтинго
м и комментарием
 []


Underfull \hbox (badness 10000) in paragraph at lines 50--51
[]\TU/TimesNewRoman(0)/m/n/14.4 Навигация между разделами осуществляется с помо
щью
 []


Underfull \hbox (badness 3769) in paragraph at lines 50--51
\TU/TimesNewRoman(0)/m/n/14.4 BottomNavigationView, который позволяет переключа
ться между пятью
 []


Underfull \hbox (badness 3536) in paragraph at lines 50--51
\TU/TimesNewRoman(0)/m/n/14.4 Пользовательский интерфейс выполнен с использован
ием компонентов
 []

[34]
File: images/component-diagram.png Graphic file (type bmp)
<images/component-diagram.png>
File: images/class-diagram.png Graphic file (type bmp)
<images/class-diagram.png>
 [35] [36]
File: images/sequence-diagram.png Graphic file (type bmp)
<images/sequence-diagram.png>
File: images/state-diagram.png Graphic file (type bmp)
<images/state-diagram.png>
 [37]
File: images/fragment-interaction.png Graphic file (type bmp)
<images/fragment-interaction.png>
 [38]
File: images/package-diagram.png Graphic file (type bmp)
<images/package-diagram.png>
 [39]
Overfull \vbox (19.64111pt too high) has occurred while \output is active []


[40]
File: images/deployment-diagram.png Graphic file (type bmp)
<images/deployment-diagram.png>

Underfull \hbox (badness 1052) in paragraph at lines 141--142
[]\TU/TimesNewRoman(0)/m/n/14.4 Приложение развертывается на физическом устройс
тве под управ-
 []

[41]
File: images/er-diagram.png Graphic file (type bmp)
<images/er-diagram.png>

Underfull \hbox (badness 10000) in paragraph at lines 160--161
[]\TU/TimesNewRoman(0)/m/n/14.4 Ключевыми сущностями являются пользователь (USE
R), заня-
 []


Underfull \hbox (badness 10000) in paragraph at lines 160--161
\TU/TimesNewRoman(0)/m/n/14.4 тие (YOGA_CLASS), запись (BOOKING), прогресс (PRO
GRESS) и
 []


Underfull \hbox (badness 2941) in paragraph at lines 160--161
\TU/TimesNewRoman(0)/m/n/14.4 отзыв (REVIEW). USER связан с BOOKING, PROGRESS и
 REVIEW.
 []


Underfull \hbox (badness 2368) in paragraph at lines 164--165
[]\TU/TimesNewRoman(0)/m/n/14.4 В таблице []3.1[] приведено описание основных к
лючей хранилища
 []


Underfull \hbox (badness 10000) in paragraph at lines 179--180
[]|\TU/TimesNewRoman(0)/m/n/14.4 Адрес электронной почты
 []


Underfull \hbox (badness 10000) in paragraph at lines 183--184
[]|\TU/TimesNewRoman(0)/m/n/14.4 Выбранный город (Москва,
 []


Overfull \hbox (21.54716pt too wide) in paragraph at lines 173--202
 [][] 
 []

[42]
Underfull \hbox (badness 1412) in paragraph at lines 213--214
\TU/TimesNewRoman(0)/m/n/14.4 зование памяти при прокрутке больших объёмов данн
ых. Изображения
 []

[43]
Overfull \hbox (0.56378pt too wide) in paragraph at lines 223--224
\TU/TimesNewRoman(0)/m/n/14.4 жет привести к нарушению целостности информации. 
Раскрытие внутренних
 []

[44]
Underfull \hbox (badness 1448) in paragraph at lines 251--252
[]\TU/TimesNewRoman(0)/m/n/14.4 Техническая верификация должна включать проверк
у целостности
 []

[45]) (./РабочийПроект.tex [46]
Underfull \hbox (badness 2213) in paragraph at lines 5--6
[]\TU/TimesNewRoman(0)/m/n/14.4 Модуль авторизации и регистрации реализован с и
спользованием
 []

File: images/auth.png Graphic file (type bmp)
<images/auth.png>
[47]
File: images/classes.png Graphic file (type bmp)
<images/classes.png>
 [48]
File: images/class_detail.png Graphic file (type bmp)
<images/class_detail.png>
File: images/schedule.png Graphic file (type bmp)
<images/schedule.png>
 [49]
Underfull \hbox (badness 1281) in paragraph at lines 65--66
\TU/TimesNewRoman(0)/m/n/14.4 чты, город и уровень подготовки. Для загрузки и о
тображения аватара
 []

File: images/profile.png Graphic file (type bmp)
<images/profile.png>
[50]
File: images/review.png Graphic file (type bmp)
<images/review.png>
 [51]
File: images/progress.png Graphic file (type bmp)
<images/progress.png>
 [52]
File: images/home.png Graphic file (type bmp)
<images/home.png>
 [53]
File: images/instructors.png Graphic file (type bmp)
<images/instructors.png>
 [54]
File: images/bookings.png Graphic file (type bmp)
<images/bookings.png>
 [55]) (./Тестирование.tex [56]
Underfull \hbox (badness 2119) in paragraph at lines 36--36
[]|\TU/TimesNewRoman(0)/b/n/14.4 Ожидаемый ре-
 []


Overfull \hbox (3.84717pt too wide) in paragraph at lines 36--36
[]|\TU/TimesNewRoman(0)/b/n/14.4 Фактический
 []


Overfull \hbox (2.64894pt too wide) in alignment at lines 32--38
 [] [] [] [] [] 
 []


Underfull \hbox (badness 2119) in paragraph at lines 42--42
[]|\TU/TimesNewRoman(0)/b/n/14.4 Ожидаемый ре-
 []


Overfull \hbox (3.84717pt too wide) in paragraph at lines 42--42
[]|\TU/TimesNewRoman(0)/b/n/14.4 Фактический
 []


Overfull \hbox (2.64894pt too wide) in alignment at lines 38--44
 [] [] [] [] [] 
 []

Runaway argument?
>{\raggedleft \arraybackslash }p{r}\relax \@iwhilesw {\if@tempswa \@tempswafals
e \ETC.
! Paragraph ended before \NC@find was complete.
<to be read again> 
                   \par 
l.49 ^^I
        
I suspect you've forgotten a `}', causing me to apply this
control sequence to too much text. How can we recover?
My plan is to forget the whole thing and hope for the best.

! Misplaced \noalign.
\hline ->\noalign 
                  {\ifnum 0=`}\fi \penalty \@M \futurelet \@let@token \LT@@h...
l.50 ^^I\hline
              
I expect to see \noalign only after the \cr of
an alignment. Proceed, and I'll ignore this case.

! Misplaced \omit.
\multispan ->\omit 
                   \@multispan 
l.51 ^^I\endlastfoot
                    
I expect to see \omit only after tab marks or the \cr of
an alignment. Proceed, and I'll ignore this case.

! Missing \endgroup inserted.
<inserted text> 
                \endgroup 
l.51 ^^I\endlastfoot
                    
I've inserted something that you may have forgotten.
(See the <inserted text> above.)
With luck, this will get me unwedged. But if you
really didn't forget anything, try typing `2' now; then
my insertion and my current dilemma will both disappear.

! Extra alignment tab has been changed to \cr.
<recently read> \endtemplate 
                             
l.51 ^^I\endlastfoot
                    
You have given more \span or & marks than there were
in the preamble to the \halign or \valign now in progress.
So I'll assume that you meant to type \cr instead.


Overfull \hbox (2.64894pt too wide) in alignment at lines 44--51
 [] [] [] [] [] 
 []


Underfull \hbox (badness 10000) in paragraph at lines 53--53
[]|\TU/TimesNewRoman(0)/m/n/14.4 Пользователь
 []


Underfull \hbox (badness 10000) in paragraph at lines 53--53
\TU/TimesNewRoman(0)/m/n/14.4 зарегистриро-
 []


Underfull \hbox (badness 10000) in paragraph at lines 53--53
\TU/TimesNewRoman(0)/m/n/14.4 ван, выполнен
 []


Underfull \hbox (badness 10000) in paragraph at lines 53--53
\TU/TimesNewRoman(0)/m/n/14.4 автоматический
 []


Overfull \hbox (3.01045pt too wide) in paragraph at lines 53--53
[]|\TU/TimesNewRoman(0)/m/n/14.4 Соответствует| 
 []


Underfull \hbox (badness 10000) in paragraph at lines 55--55
\TU/TimesNewRoman(0)/m/n/14.4 существующим
 []


Underfull \hbox (badness 10000) in paragraph at lines 55--55
[]|\TU/TimesNewRoman(0)/m/n/14.4 Сообщение
 []


Underfull \hbox (badness 10000) in paragraph at lines 55--55
\TU/TimesNewRoman(0)/m/n/14.4 «Пользователь
 []


Overfull \hbox (3.01045pt too wide) in paragraph at lines 55--55
[]|\TU/TimesNewRoman(0)/m/n/14.4 Соответствует| 
 []


Underfull \hbox (badness 10000) in paragraph at lines 57--57
\TU/TimesNewRoman(0)/m/n/14.4 сообщение об
 []


Overfull \hbox (3.01045pt too wide) in paragraph at lines 57--57
[]|\TU/TimesNewRoman(0)/m/n/14.4 Соответствует| 
 []


Underfull \hbox (badness 10000) in paragraph at lines 59--59
[]|\TU/TimesNewRoman(0)/m/n/14.4 Авторизация с
 []


Underfull \hbox (badness 10000) in paragraph at lines 59--59
\TU/TimesNewRoman(0)/m/n/14.4 корректными
 []


Underfull \hbox (badness 10000) in paragraph at lines 59--59
[]|\TU/TimesNewRoman(0)/m/n/14.4 Вход выполнен,
 []


Underfull \hbox (badness 10000) in paragraph at lines 59--59
\TU/TimesNewRoman(0)/m/n/14.4 открыт главный
 []


Overfull \hbox (3.01045pt too wide) in paragraph at lines 59--59
[]|\TU/TimesNewRoman(0)/m/n/14.4 Соответствует| 
 []


Underfull \hbox (badness 10000) in paragraph at lines 61--61
[]|\TU/TimesNewRoman(0)/m/n/14.4 Авторизация с
 []


Underfull \hbox (badness 10000) in paragraph at lines 61--61
\TU/TimesNewRoman(0)/m/n/14.4 неверным паро-
 []


Underfull \hbox (badness 10000) in paragraph at lines 61--61
[]|\TU/TimesNewRoman(0)/m/n/14.4 Сообщение
 []


Overfull \hbox (3.01045pt too wide) in paragraph at lines 61--61
[]|\TU/TimesNewRoman(0)/m/n/14.4 Соответствует| 
 []


Underfull \hbox (badness 10000) in paragraph at lines 63--63
[]|\TU/TimesNewRoman(0)/m/n/14.4 Авторизация с
 []


Underfull \hbox (badness 10000) in paragraph at lines 63--63
\TU/TimesNewRoman(0)/m/n/14.4 несуществующим
 []


Underfull \hbox (badness 10000) in paragraph at lines 63--63
[]|\TU/TimesNewRoman(0)/m/n/14.4 Сообщение
 []


Overfull \hbox (3.01045pt too wide) in paragraph at lines 63--63
[]|\TU/TimesNewRoman(0)/m/n/14.4 Соответствует| 
 []


Underfull \hbox (badness 1019) in paragraph at lines 65--65
[]|\TU/TimesNewRoman(0)/m/n/14.4 Просмотр катало-
 []


Underfull \hbox (badness 10000) in paragraph at lines 65--65
[]|\TU/TimesNewRoman(0)/m/n/14.4 Список занятий
 []


Overfull \hbox (3.01045pt too wide) in paragraph at lines 65--65
[]|\TU/TimesNewRoman(0)/m/n/14.4 Соответствует| 
 []


Underfull \hbox (badness 1688) in paragraph at lines 67--67
[]|\TU/TimesNewRoman(0)/m/n/14.4 Фильтрация заня-
 []


Underfull \hbox (badness 10000) in paragraph at lines 67--67
[]|\TU/TimesNewRoman(0)/m/n/14.4 Отображаются
 []


Underfull \hbox (badness 10000) in paragraph at lines 67--67
\TU/TimesNewRoman(0)/m/n/14.4 только занятия
 []


Underfull \hbox (badness 10000) in paragraph at lines 67--67
\TU/TimesNewRoman(0)/m/n/14.4 выбранного
 []


Overfull \hbox (3.01045pt too wide) in paragraph at lines 67--67
[]|\TU/TimesNewRoman(0)/m/n/14.4 Соответствует| 
 []


Underfull \hbox (badness 10000) in paragraph at lines 69--69
[]|\TU/TimesNewRoman(0)/m/n/14.4 Открывается
 []


Underfull \hbox (badness 8038) in paragraph at lines 69--69
\TU/TimesNewRoman(0)/m/n/14.4 экран с полной
 []


Overfull \hbox (3.01045pt too wide) in paragraph at lines 69--69
[]|\TU/TimesNewRoman(0)/m/n/14.4 Соответствует| 
 []


Underfull \hbox (badness 10000) in paragraph at lines 71--71
[]|\TU/TimesNewRoman(0)/m/n/14.4 Запись сохране-
 []


Underfull \hbox (badness 10000) in paragraph at lines 71--71
\TU/TimesNewRoman(0)/m/n/14.4 на, уведомление
 []


Overfull \hbox (3.01045pt too wide) in paragraph at lines 71--71
[]|\TU/TimesNewRoman(0)/m/n/14.4 Соответствует| 
 []


Overfull \hbox (3.01045pt too wide) in paragraph at lines 73--73
[]|\TU/TimesNewRoman(0)/m/n/14.4 Соответствует| 
 []


Underfull \hbox (badness 7012) in paragraph at lines 75--75
[]|\TU/TimesNewRoman(0)/m/n/14.4 Сообщение «Вы
 []


Overfull \hbox (3.01045pt too wide) in paragraph at lines 75--75
[]|\TU/TimesNewRoman(0)/m/n/14.4 Соответствует| 
 []


Underfull \hbox (badness 10000) in paragraph at lines 77--77
[]|\TU/TimesNewRoman(0)/m/n/14.4 Запись удалена,
 []


Underfull \hbox (badness 10000) in paragraph at lines 77--77
\TU/TimesNewRoman(0)/m/n/14.4 место освобож-
 []


Overfull \hbox (3.01045pt too wide) in paragraph at lines 77--77
[]|\TU/TimesNewRoman(0)/m/n/14.4 Соответствует| 
 []


Underfull \hbox (badness 10000) in paragraph at lines 79--79
[]|\TU/TimesNewRoman(0)/m/n/14.4 Просмотр распи-
 []


Underfull \hbox (badness 3815) in paragraph at lines 79--79
\TU/TimesNewRoman(0)/m/n/14.4 сания с календа-
 []


Underfull \hbox (badness 10000) in paragraph at lines 79--79
[]|\TU/TimesNewRoman(0)/m/n/14.4 Отображаются
 []


Underfull \hbox (badness 10000) in paragraph at lines 79--79
\TU/TimesNewRoman(0)/m/n/14.4 занятия на вы-
 []


Overfull \hbox (3.01045pt too wide) in paragraph at lines 79--79
[]|\TU/TimesNewRoman(0)/m/n/14.4 Соответствует| 
 []


Underfull \hbox (badness 7238) in paragraph at lines 81--81
[]|\TU/TimesNewRoman(0)/m/n/14.4 Просмотр списка
 []


Underfull \hbox (badness 1708) in paragraph at lines 81--81
[]|\TU/TimesNewRoman(0)/m/n/14.4 Список инструк-
 []


Underfull \hbox (badness 7667) in paragraph at lines 81--81
\TU/TimesNewRoman(0)/m/n/14.4 торов отобража-
 []


Overfull \hbox (3.01045pt too wide) in paragraph at lines 81--81
[]|\TU/TimesNewRoman(0)/m/n/14.4 Соответствует| 
 []


Underfull \hbox (badness 10000) in paragraph at lines 83--83
[]|\TU/TimesNewRoman(0)/m/n/14.4 Редактирование
 []


Underfull \hbox (badness 10000) in paragraph at lines 83--83
[]|\TU/TimesNewRoman(0)/m/n/14.4 Данные об-
 []


Underfull \hbox (badness 10000) in paragraph at lines 83--83
\TU/TimesNewRoman(0)/m/n/14.4 новлены в
 []


Overfull \hbox (3.01045pt too wide) in paragraph at lines 83--83
[]|\TU/TimesNewRoman(0)/m/n/14.4 Соответствует| 
 []


Underfull \hbox (badness 10000) in paragraph at lines 85--85
[]|\TU/TimesNewRoman(0)/m/n/14.4 Изображение
 []


Underfull \hbox (badness 10000) in paragraph at lines 85--85
\TU/TimesNewRoman(0)/m/n/14.4 отображается в
 []


Overfull \hbox (3.01045pt too wide) in paragraph at lines 85--85
[]|\TU/TimesNewRoman(0)/m/n/14.4 Соответствует| 
 []


Underfull \hbox (badness 10000) in paragraph at lines 87--87
[]|\TU/TimesNewRoman(0)/m/n/14.4 Просмотр про-
 []


Underfull \hbox (badness 10000) in paragraph at lines 87--87
\TU/TimesNewRoman(0)/m/n/14.4 гресса в виде
 []


Underfull \hbox (badness 3250) in paragraph at lines 87--87
[]|\TU/TimesNewRoman(0)/m/n/14.4 Графики отобра-
 []


Underfull \hbox (badness 3657) in paragraph at lines 87--87
\TU/TimesNewRoman(0)/m/n/14.4 жаются коррект-
 []


Overfull \hbox (3.01045pt too wide) in paragraph at lines 87--87
[]|\TU/TimesNewRoman(0)/m/n/14.4 Соответствует| 
 []


Underfull \hbox (badness 10000) in paragraph at lines 89--89
[]|\TU/TimesNewRoman(0)/m/n/14.4 Оставление от-
 []


Underfull \hbox (badness 10000) in paragraph at lines 89--89
\TU/TimesNewRoman(0)/m/n/14.4 зыва (рейтинг 5
 []


Underfull \hbox (badness 10000) in paragraph at lines 89--89
[]|\TU/TimesNewRoman(0)/m/n/14.4 Отзыв сохра-
 []


Underfull \hbox (badness 10000) in paragraph at lines 89--89
\TU/TimesNewRoman(0)/m/n/14.4 нён, рейтинг
 []


Overfull \hbox (3.01045pt too wide) in paragraph at lines 89--89
[]|\TU/TimesNewRoman(0)/m/n/14.4 Соответствует| 
 []


Underfull \hbox (badness 2050) in paragraph at lines 91--91
[]|\TU/TimesNewRoman(0)/m/n/14.4 Оставление отзы-
 []


Underfull \hbox (badness 10000) in paragraph at lines 91--91
[]|\TU/TimesNewRoman(0)/m/n/14.4 Отзыв сохра-
 []


Underfull \hbox (badness 10000) in paragraph at lines 91--91
\TU/TimesNewRoman(0)/m/n/14.4 нён (текст не
 []


Overfull \hbox (3.01045pt too wide) in paragraph at lines 91--91
[]|\TU/TimesNewRoman(0)/m/n/14.4 Соответствует| 
 []


Underfull \hbox (badness 7238) in paragraph at lines 93--93
[]|\TU/TimesNewRoman(0)/m/n/14.4 Просмотр списка
 []


Underfull \hbox (badness 10000) in paragraph at lines 93--93
[]|\TU/TimesNewRoman(0)/m/n/14.4 Список записей
 []


Overfull \hbox (3.01045pt too wide) in paragraph at lines 93--93
[]|\TU/TimesNewRoman(0)/m/n/14.4 Соответствует| 
 []


Underfull \hbox (badness 10000) in paragraph at lines 95--95
[]|\TU/TimesNewRoman(0)/m/n/14.4 Получение на-
 []


Underfull \hbox (badness 10000) in paragraph at lines 95--95
\TU/TimesNewRoman(0)/m/n/14.4 поминания о
 []


Underfull \hbox (badness 1648) in paragraph at lines 95--95
[]|\TU/TimesNewRoman(0)/m/n/14.4 Уведомление по-
 []


Overfull \hbox (3.01045pt too wide) in paragraph at lines 95--95
[]|\TU/TimesNewRoman(0)/m/n/14.4 Соответствует| 
 []


Overfull \hbox (2.64894pt too wide) in alignment at lines 51--97
 [] [] [] [] [] 
 []

[57]
ignored: Infinite glue shrinkage found in box being split [58]
ignored: Infinite glue shrinkag
e found in box being split [59]
Underfull \hbox (badness 10000) in paragraph at lines 113--113
[]|\TU/TimesNewRoman(0)/b/n/14.4 Проверяемый эле-
 []


Underfull \hbox (badness 10000) in paragraph at lines 113--113
[]|\TU/TimesNewRoman(0)/b/n/14.4 Ожидаемый ре-
 []


Underfull \hbox (badness 10000) in paragraph at lines 113--113
[]|\TU/TimesNewRoman(0)/b/n/14.4 Фактический
 []


Underfull \hbox (badness 10000) in paragraph at lines 115--115
[]|\TU/TimesNewRoman(0)/m/n/14.4 Переключение
 []


Underfull \hbox (badness 3482) in paragraph at lines 117--117
[]|\TU/TimesNewRoman(0)/m/n/14.4 Выбор даты, под-
 []


Underfull \hbox (badness 1259) in paragraph at lines 117--117
\TU/TimesNewRoman(0)/m/n/14.4 светка выбранного
 []


Underfull \hbox (badness 10000) in paragraph at lines 119--119
[]|\TU/TimesNewRoman(0)/m/n/14.4 RecyclerView (список
 []


Underfull \hbox (badness 10000) in paragraph at lines 119--119
[]|\TU/TimesNewRoman(0)/m/n/14.4 Плавная про-
 []


Underfull \hbox (badness 10000) in paragraph at lines 119--119
\TU/TimesNewRoman(0)/m/n/14.4 крутка, загрузка
 []


Underfull \hbox (badness 2790) in paragraph at lines 121--121
[]|\TU/TimesNewRoman(0)/m/n/14.4 Выбор от 1 до 5
 []


Underfull \hbox (badness 10000) in paragraph at lines 123--123
[]|\TU/TimesNewRoman(0)/m/n/14.4 Раскрывающийся
 []


Underfull \hbox (badness 10000) in paragraph at lines 125--125
[]|\TU/TimesNewRoman(0)/m/n/14.4 Диалог редактирова-
 []


Underfull \hbox (badness 10000) in paragraph at lines 125--125
\TU/TimesNewRoman(0)/m/n/14.4 текущими данны-
 []


Underfull \hbox (badness 10000) in paragraph at lines 127--127
[]|\TU/TimesNewRoman(0)/m/n/14.4 Увеличенное
 []


Underfull \hbox (badness 10000) in paragraph at lines 127--127
\TU/TimesNewRoman(0)/m/n/14.4 изображение, за-
 []


Overfull \hbox (7.3208pt too wide) in paragraph at lines 111--130
 [][] 
 []

[60]
Overfull \hbox (0.65498pt too wide) in paragraph at lines 146--146
[]|\TU/TimesNewRoman(0)/b/n/14.4 Фактическое
 []


Underfull \hbox (badness 1087) in paragraph at lines 148--148
[]|\TU/TimesNewRoman(0)/m/n/14.4 Время запуска прило-
 []


Underfull \hbox (badness 10000) in paragraph at lines 154--154
[]|\TU/TimesNewRoman(0)/m/n/14.4 Потребление ОЗУ (в
 []


Underfull \hbox (badness 10000) in paragraph at lines 160--160
[]|\TU/TimesNewRoman(0)/m/n/14.4 Плавность прокрутки
 []

[61]
Underfull \hbox (badness 1418) in paragraph at lines 173--174
[]\TU/TimesNewRoman(0)/m/n/14.4 слабое интернет-соединение — приложение работае
т автономно
 []

[62]) (./Заключение.tex [63]
Underfull \hbox (badness 2189) in paragraph at lines 9--10
[]\TU/TimesNewRoman(0)/m/n/14.4 сформулированы функциональные (FR-01–FR-14) и н
ефункцио-
 []


Underfull \hbox (badness 10000) in paragraph at lines 10--11
[]\TU/TimesNewRoman(0)/m/n/14.4 обоснован выбор технологий (Kotlin, Android SDK
,
 []

) (./СписокИсточников.tex [64] [65] [66]
LaTeX Font Info:    Font shape `TU/Verdana(0)/m/n' will be
(Font)              scaled to size 10.07994pt on input line 40.
 [67]) (./Плакаты.tex [68] [69]
File: images/Ramka_VKR1.eps Graphic file (type eps)
<images/Ramka_VKR1.eps>
File: images/Ramka_VKR2.eps Graphic file (type eps)
<images/Ramka_VKR2.eps>

[70

]
File: images/Ramka_VKR3.eps Graphic file (type eps)
<images/Ramka_VKR3.eps>
 [71]
File: images/Ramka_VKR4.eps Graphic file (type eps)
<images/Ramka_VKR4.eps>
 [72]
File: images/Ramka_VKR5.eps Graphic file (type eps)
<images/Ramka_VKR5.eps>
 [73]
File: images/Ramka_VKR6.eps Graphic file (type eps)
<images/Ramka_VKR6.eps>
 [74]
File: images/Ramka_VKR7.eps Graphic file (type eps)
<images/Ramka_VKR7.eps>
 [75] [76]) (./Код.tex [77

] [78] [79] [80] [81]
[82] [83] [84] [85] [86] [87] [88] [89]) [90] (./main.aux)
 ***********
LaTeX2e <2025-11-01>
L3 programming layer <2026-03-20>
 ***********


Package rerunfilecheck Warning: File `main.out' has changed.
(rerunfilecheck)                Rerun to get outlines right
(rerunfilecheck)                or use package `bookmark'.

Package rerunfilecheck Info: Checksums for `main.out':
(rerunfilecheck)             Before: 84EF82BE8919A284AC1D09EDC8BADEA5;20061
(rerunfilecheck)             After:  0BB68649615B5C1FD90ACB4B68ACD810;22029.
 )
(\end occurred when \iffalse on line 42 was incomplete) 
Here is how much of TeX's memory you used:
 17135 strings out of 467991
 331560 string characters out of 5419267
 1233868 words of memory out of 5000000
 45748 multiletter control sequences out of 15000+600000
 629250 words of font info for 76 fonts, out of 8000000 for 9000
 1348 hyphenation exceptions out of 8191
 93i,11n,110p,759b,2414s stack positions out of 10000i,1000n,20000p,200000b,200000s

Output written on main.pdf (90 pages).
